** Drc report for Bucket_universel_v2.kicad_pcb **
** Created on 2026-09-02T21:03:03 **
** Report includes: Errors, Warnings, Exclusions **

** Found 213 DRC violations **
[solder_mask_bridge]: Front solder mask aperture bridges items with different nets
    Rule: board setup solder mask min width; error
    @(191.3785 mm, 115.6679 mm): Track [<no net>] on F.Cu, length 11.4855 mm
    @(191.1785 mm, 115.6679 mm): Pad 4 [<no net>] of U12 on F.Cu
[solder_mask_bridge]: Front solder mask aperture bridges items with different nets
    Rule: board setup solder mask min width; error
    @(199.5000 mm, 107.5464 mm): Track [<no net>] on F.Cu, length 2.5463 mm
    @(199.5000 mm, 105.0000 mm): PTH pad [<no net>] of J9
[solder_mask_bridge]: Front solder mask aperture bridges items with different nets
    Rule: board setup solder mask min width; error
    @(191.1785 mm, 115.6679 mm): Track [<no net>] on F.Cu, length 0.2000 mm
    @(191.1785 mm, 115.6679 mm): Pad 4 [<no net>] of U12 on F.Cu
[solder_mask_bridge]: Rear solder mask aperture bridges items with different nets
    Rule: board setup solder mask min width; error
    @(199.5000 mm, 105.0000 mm): Track [<no net>] on B.Cu, length 11.0000 mm
    @(199.5000 mm, 105.0000 mm): PTH pad [<no net>] of J9
[solder_mask_bridge]: Rear solder mask aperture bridges items with different nets
    Rule: board setup solder mask min width; error
    @(199.5000 mm, 105.0000 mm): Track [<no net>] on B.Cu, length 11.0000 mm
    @(210.5000 mm, 105.0000 mm): PTH pad [<no net>] of J9
[hole_clearance]: Hole clearance violation (board setup constraints hole clearance 0.2500 mm; actual 0.1944 mm)
    Rule: board setup constraints hole; error
    @(201.4600 mm, 64.1250 mm): Pad A1 [GND] of J15 on F.Cu
    @(201.1500 mm, 63.0500 mm): NPTH pad of J15
[hole_clearance]: Hole clearance violation (board setup constraints hole clearance 0.2500 mm; actual 0.1944 mm)
    Rule: board setup constraints hole; error
    @(201.4600 mm, 64.1250 mm): Pad B12 [GND] of J15 on F.Cu
    @(201.1500 mm, 63.0500 mm): NPTH pad of J15
[hole_clearance]: Hole clearance violation (board setup constraints hole clearance 0.2500 mm; actual 0.1944 mm)
    Rule: board setup constraints hole; error
    @(195.0600 mm, 64.1250 mm): Pad A12 [GND] of J15 on F.Cu
    @(195.3700 mm, 63.0500 mm): NPTH pad of J15
[hole_clearance]: Hole clearance violation (board setup constraints hole clearance 0.2500 mm; actual 0.1944 mm)
    Rule: board setup constraints hole; error
    @(195.0600 mm, 64.1250 mm): Pad B1 [GND] of J15 on F.Cu
    @(195.3700 mm, 63.0500 mm): NPTH pad of J15
[silk_over_copper]: Silkscreen clipped by solder mask
    Local override; warning
    @(216.3300 mm, 105.4000 mm): Reference field of C52
    @(216.5000 mm, 106.1750 mm): Pad 2 [GND] of C49 on F.Cu
[silk_over_copper]: Silkscreen clipped by solder mask
    Local override; warning
    @(216.3300 mm, 105.4000 mm): Reference field of C52
    @(216.5000 mm, 104.6250 mm): Pad 1 [+5V] of C49 on F.Cu
[silk_over_copper]: Silkscreen clipped by solder mask
    Local override; warning
    @(214.7800 mm, 105.4000 mm): Reference field of C46
    @(214.9000 mm, 106.1750 mm): Pad 2 [GND] of C52 on F.Cu
[silk_over_copper]: Silkscreen clipped by solder mask
    Local override; warning
    @(214.7800 mm, 105.4000 mm): Reference field of C46
    @(214.9000 mm, 104.6250 mm): Pad 1 [+5V] of C52 on F.Cu
[silk_over_copper]: Silkscreen clipped by solder mask
    Local override; warning
    @(215.1700 mm, 101.2000 mm): Reference field of D7
    @(214.9000 mm, 101.2250 mm): Pad 2 [GND] of C43 on F.Cu
[silk_over_copper]: Silkscreen clipped by solder mask
    Local override; warning
    @(218.3950 mm, 104.2000 mm): Reference field of J11
    @(217.0000 mm, 102.6875 mm): Pad 1 [+5V] of D7 on F.Cu
[silk_over_copper]: Silkscreen clipped by solder mask
    Local override; warning
    @(183.2300 mm, 101.7600 mm): Reference field of C51
    @(183.0600 mm, 102.4850 mm): Pad 1 [+5V] of C48 on F.Cu
[silk_over_copper]: Silkscreen clipped by solder mask
    Local override; warning
    @(183.2300 mm, 101.7600 mm): Reference field of C51
    @(183.0600 mm, 100.9350 mm): Pad 2 [GND] of C48 on F.Cu
[silk_over_copper]: Silkscreen clipped by solder mask
    Local override; warning
    @(194.7500 mm, 91.3489 mm): Reference field of U8
    @(196.6385 mm, 90.5983 mm): Pad 10 [Net-(C33-Pad2)] of U8 on F.Cu
[silk_over_copper]: Silkscreen clipped by solder mask
    Local override; warning
    @(194.7500 mm, 91.3489 mm): Reference field of U8
    @(196.4658 mm, 90.8777 mm): Polygon of U8 on F.Mask
[silk_over_copper]: Silkscreen clipped by solder mask
    Local override; warning
    @(193.3380 mm, 88.5808 mm): Polygon of G*** on F.Silkscreen
    @(192.0000 mm, 87.4210 mm): Pad 1 [Net-(C33-Pad2)] of L1 on F.Cu
[silk_over_copper]: Silkscreen clipped by solder mask
    Local override; warning
    @(192.8800 mm, 95.3500 mm): Reference field of C34
    @(193.0000 mm, 95.0000 mm): Pad 1 [Net-(U8-SS)] of C32 on F.Cu
[silk_over_copper]: Silkscreen clipped by solder mask
    Local override; warning
    @(194.7500 mm, 91.3489 mm): Reference field of U8
    @(196.6385 mm, 92.5999 mm): Pad 7 [+12V] of U8 on F.Cu
[silk_over_copper]: Silkscreen clipped by solder mask
    Local override; warning
    @(194.7500 mm, 91.3489 mm): Reference field of U8
    @(196.8036 mm, 92.7268 mm): Polygon of U8 on F.Mask
[silk_over_copper]: Silkscreen clipped by solder mask
    Local override; warning
    @(192.7142 mm, 86.1798 mm): Polygon of G*** on F.Silkscreen
    @(192.0000 mm, 87.4210 mm): Pad 1 [Net-(C33-Pad2)] of L1 on F.Cu
[silk_over_copper]: Silkscreen clipped by solder mask
    Local override; warning
    @(192.8800 mm, 95.3500 mm): Reference field of C34
    @(193.0000 mm, 96.5500 mm): Pad 2 [GND] of C32 on F.Cu
[silk_over_copper]: Silkscreen clipped by solder mask
    Local override; warning
    @(200.6800 mm, 94.0000 mm): Reference field of R25
    @(201.0000 mm, 93.1750 mm): Pad 1 [+12V] of R21 on F.Cu
[silk_over_copper]: Silkscreen clipped by solder mask
    Local override; warning
    @(200.6800 mm, 94.0000 mm): Reference field of R25
    @(201.0000 mm, 94.8250 mm): Pad 2 [/PSU/Ven] of R21 on F.Cu
[silk_over_copper]: Silkscreen clipped by solder mask
    Local override; warning
    @(201.2500 mm, 95.5700 mm): Reference field of R24
    @(201.0000 mm, 94.8250 mm): Pad 2 [/PSU/Ven] of R21 on F.Cu
[silk_over_copper]: Silkscreen clipped by solder mask
    Local override; warning
    @(160.4024 mm, 94.4957 mm): Polygon of G*** on F.Silkscreen
    @(212.4750 mm, 80.6000 mm): Pad 1 [+3V3] of R28 on F.Cu
[silk_over_copper]: Silkscreen clipped by solder mask
    Local override; warning
    @(160.4024 mm, 94.4957 mm): Polygon of G*** on F.Silkscreen
    @(213.5000 mm, 76.9900 mm): Pad 3 [+3V3] of U11 on F.Cu
[silk_over_copper]: Silkscreen clipped by solder mask
    Local override; warning
    @(160.4024 mm, 94.4957 mm): Polygon of G*** on F.Silkscreen
    @(214.1500 mm, 76.9900 mm): Pad 4 [Net-(U11-NFAULT)] of U11 on F.Cu
[silk_over_copper]: Silkscreen clipped by solder mask
    Local override; warning
    @(160.4024 mm, 94.4957 mm): Polygon of G*** on F.Silkscreen
    @(214.8000 mm, 76.9900 mm): Pad 5 [Net-(U11-VREF)] of U11 on F.Cu
[silk_over_copper]: Silkscreen clipped by solder mask
    Local override; warning
    @(160.4024 mm, 94.4957 mm): Polygon of G*** on F.Silkscreen
    @(213.9750 mm, 79.1000 mm): Pad 1 [Net-(U11-NFAULT)] of R30 on F.Cu
[silk_over_copper]: Silkscreen clipped by solder mask
    Local override; warning
    @(160.4024 mm, 94.4957 mm): Polygon of G*** on F.Silkscreen
    @(212.3250 mm, 79.1000 mm): Pad 2 [+3V3] of R30 on F.Cu
[silk_over_copper]: Silkscreen clipped by solder mask
    Local override; warning
    @(160.4024 mm, 94.4957 mm): Polygon of G*** on F.Silkscreen
    @(210.0250 mm, 69.0000 mm): Pad 2 [Net-(U11-CPL)] of C35 on F.Cu
[silk_over_copper]: Silkscreen clipped by solder mask
    Local override; warning
    @(160.4024 mm, 94.4957 mm): Polygon of G*** on F.Silkscreen
    @(201.0438 mm, 68.6817 mm): Pad 1 [+3V3] of C15 on F.Cu
[silk_over_copper]: Silkscreen clipped by solder mask
    Local override; warning
    @(160.4024 mm, 94.4957 mm): Polygon of G*** on F.Silkscreen
    @(202.9438 mm, 68.6817 mm): Pad 2 [GND] of C15 on F.Cu
[silk_over_copper]: Silkscreen clipped by solder mask
    Local override; warning
    @(160.4024 mm, 94.4957 mm): Polygon of G*** on F.Silkscreen
    @(202.9500 mm, 66.3500 mm): Pad 2 [GND] of C11 on F.Cu
[silk_over_copper]: Silkscreen clipped by solder mask
    Local override; warning
    @(160.4024 mm, 94.4957 mm): Polygon of G*** on F.Silkscreen
    @(219.0250 mm, 59.8250 mm): Pad 1 [Net-(R17-Pad1)] of SW2 on F.Cu
[silk_over_copper]: Silkscreen clipped by solder mask
    Local override; warning
    @(160.4024 mm, 94.4957 mm): Polygon of G*** on F.Silkscreen
    @(212.2000 mm, 76.9900 mm): Pad 1 [GPIO10] of U11 on F.Cu
[silk_over_copper]: Silkscreen clipped by solder mask
    Local override; warning
    @(160.4024 mm, 94.4957 mm): Polygon of G*** on F.Silkscreen
    @(212.8500 mm, 76.9900 mm): Pad 2 [GPIO11] of U11 on F.Cu
[silk_over_copper]: Silkscreen clipped by solder mask
    Local override; warning
    @(160.4024 mm, 94.4957 mm): Polygon of G*** on F.Silkscreen
    @(214.4750 mm, 74.1200 mm): Pad 17 [<no net>] of U11 on F.Cu
[silk_over_copper]: Silkscreen clipped by solder mask
    Local override; warning
    @(160.4024 mm, 94.4957 mm): Polygon of G*** on F.Silkscreen
    @(215.4500 mm, 76.9900 mm): Pad 6 [Net-(U11-IPROPI)] of U11 on F.Cu
[silk_over_copper]: Silkscreen clipped by solder mask
    Local override; warning
    @(160.4024 mm, 94.4957 mm): Polygon of G*** on F.Silkscreen
    @(216.1000 mm, 76.9900 mm): Pad 7 [GND] of U11 on F.Cu
[silk_over_copper]: Silkscreen clipped by solder mask
    Local override; warning
    @(160.4024 mm, 94.4957 mm): Polygon of G*** on F.Silkscreen
    @(216.7500 mm, 76.9900 mm): Pad 8 [Net-(J12-Pin_1)] of U11 on F.Cu
[silk_over_copper]: Silkscreen clipped by solder mask
    Local override; warning
    @(160.4024 mm, 94.4957 mm): Polygon of G*** on F.Silkscreen
    @(199.8000 mm, 86.7000 mm): Pad 1 [+12V] of C31 on F.Cu
[silk_over_copper]: Silkscreen clipped by solder mask
    Local override; warning
    @(160.4024 mm, 94.4957 mm): Polygon of G*** on F.Silkscreen
    @(192.0000 mm, 81.5790 mm): Pad 2 [+5V] of L1 on F.Cu
[silk_over_copper]: Silkscreen clipped by solder mask
    Local override; warning
    @(160.4024 mm, 94.4957 mm): Polygon of G*** on F.Silkscreen
    @(207.9500 mm, 88.5000 mm): Pad 1 [+12V] of C10 on F.Cu
[silk_over_copper]: Silkscreen clipped by solder mask
    Local override; warning
    @(160.4024 mm, 94.4957 mm): Polygon of G*** on F.Silkscreen
    @(212.1750 mm, 84.7125 mm): Pad 2 [Net-(U2-CPL)] of C7 on F.Cu
[silk_over_copper]: Silkscreen clipped by solder mask
    Local override; warning
    @(160.4024 mm, 94.4957 mm): Polygon of G*** on F.Silkscreen
    @(214.9000 mm, 101.2250 mm): Pad 2 [GND] of C43 on F.Cu
[silk_over_copper]: Silkscreen clipped by solder mask
    Local override; warning
    @(160.4024 mm, 94.4957 mm): Polygon of G*** on F.Silkscreen
    @(196.6385 mm, 92.5999 mm): Pad 7 [+12V] of U8 on F.Cu
[silk_over_copper]: Silkscreen clipped by solder mask
    Local override; warning
    @(160.4024 mm, 94.4957 mm): Polygon of G*** on F.Silkscreen
    @(196.8036 mm, 92.7268 mm): Polygon of U8 on F.Mask
[silk_over_copper]: Silkscreen clipped by solder mask
    Local override; warning
    @(160.4024 mm, 94.4957 mm): Polygon of G*** on F.Silkscreen
    @(196.6385 mm, 90.5983 mm): Pad 10 [Net-(C33-Pad2)] of U8 on F.Cu
[silk_over_copper]: Silkscreen clipped by solder mask
    Local override; warning
    @(160.4024 mm, 94.4957 mm): Polygon of G*** on F.Silkscreen
    @(196.0009 mm, 89.5239 mm): Pad 12 [GND] of U8 on F.Cu
[silk_over_copper]: Silkscreen clipped by solder mask
    Local override; warning
    @(160.4024 mm, 94.4957 mm): Polygon of G*** on F.Silkscreen
    @(195.5006 mm, 89.5239 mm): Pad 13 [GND] of U8 on F.Cu
[silk_over_copper]: Silkscreen clipped by solder mask
    Local override; warning
    @(160.4024 mm, 94.4957 mm): Polygon of G*** on F.Silkscreen
    @(196.6385 mm, 90.0979 mm): Pad 11 [Net-(C33-Pad2)] of U8 on F.Cu
[silk_over_copper]: Silkscreen clipped by solder mask
    Local override; warning
    @(160.4024 mm, 94.4957 mm): Polygon of G*** on F.Silkscreen
    @(196.4658 mm, 90.8777 mm): Polygon of U8 on F.Mask
[silk_over_copper]: Silkscreen clipped by solder mask
    Local override; warning
    @(160.4024 mm, 94.4957 mm): Polygon of G*** on F.Silkscreen
    @(214.9000 mm, 102.7750 mm): Pad 1 [+5V] of C43 on F.Cu
[silk_over_copper]: Silkscreen clipped by solder mask
    Local override; warning
    @(160.4024 mm, 94.4957 mm): Polygon of G*** on F.Silkscreen
    @(217.0000 mm, 102.6875 mm): Pad 1 [+5V] of D7 on F.Cu
[silk_over_copper]: Silkscreen clipped by solder mask
    Local override; warning
    @(160.4024 mm, 94.4957 mm): Polygon of G*** on F.Silkscreen
    @(222.0500 mm, 113.3500 mm): PTH pad 1 [GND] of H3
[silk_over_copper]: Silkscreen clipped by solder mask
    Local override; warning
    @(160.4024 mm, 94.4957 mm): Polygon of G*** on F.Silkscreen
    @(194.8000 mm, 66.8100 mm): Pad 2 [GND] of R32 on F.Cu
[silk_over_copper]: Silkscreen clipped by solder mask
    Local override; warning
    @(160.4024 mm, 94.4957 mm): Polygon of G*** on F.Silkscreen
    @(196.1562 mm, 68.5000 mm): Pad 2 [+3V3] of U4 on F.Cu
[silk_over_copper]: Silkscreen clipped by solder mask
    Local override; warning
    @(160.4024 mm, 94.4957 mm): Polygon of G*** on F.Silkscreen
    @(196.1562 mm, 74.8000 mm): Pad 2 [+3V3] of U4 on F.Cu
[silk_over_copper]: Silkscreen clipped by solder mask
    Local override; warning
    @(160.4024 mm, 94.4957 mm): Polygon of G*** on F.Silkscreen
    @(193.8562 mm, 68.5000 mm): Pad 3 [VBUS] of U4 on F.Cu
[silk_over_copper]: Silkscreen clipped by solder mask
    Local override; warning
    @(160.4024 mm, 94.4957 mm): Polygon of G*** on F.Silkscreen
    @(197.6000 mm, 66.7100 mm): Pad 2 [GND] of R33 on F.Cu
[silk_over_copper]: Silkscreen clipped by solder mask
    Local override; warning
    @(160.4024 mm, 94.4957 mm): Polygon of G*** on F.Silkscreen
    @(198.4562 mm, 68.5000 mm): Pad 1 [GND] of U4 on F.Cu
[silk_over_copper]: Silkscreen clipped by solder mask
    Local override; warning
    @(160.4024 mm, 94.4957 mm): Polygon of G*** on F.Silkscreen
    @(201.0500 mm, 66.3500 mm): Pad 1 [VBUS] of C11 on F.Cu
[silk_over_copper]: Silkscreen clipped by solder mask
    Local override; warning
    @(160.4024 mm, 94.4957 mm): Polygon of G*** on F.Silkscreen
    @(167.7000 mm, 107.3050 mm): PTH pad 1 [Net-(J8-Pin_1)] of J8
[silk_over_copper]: Silkscreen clipped by solder mask
    Local override; warning
    @(160.4024 mm, 94.4957 mm): Polygon of G*** on F.Silkscreen
    @(169.5250 mm, 100.7450 mm): Pad 1 [+5V] of C41 on F.Cu
[silk_over_copper]: Silkscreen clipped by solder mask
    Local override; warning
    @(160.4024 mm, 94.4957 mm): Polygon of G*** on F.Silkscreen
    @(170.5875 mm, 102.8000 mm): Pad 2 [GND] of D4 on F.Cu
[silk_over_copper]: Silkscreen clipped by solder mask
    Local override; warning
    @(160.4024 mm, 94.4957 mm): Polygon of G*** on F.Silkscreen
    @(162.2500 mm, 103.5250 mm): Pad 1 [+3V3] of C44 on F.Cu
[silk_over_copper]: Silkscreen clipped by solder mask
    Local override; warning
    @(160.4024 mm, 94.4957 mm): Polygon of G*** on F.Silkscreen
    @(162.2500 mm, 101.9750 mm): Pad 2 [GND] of C44 on F.Cu
[silk_over_copper]: Silkscreen clipped by solder mask
    Local override; warning
    @(160.4024 mm, 94.4957 mm): Polygon of G*** on F.Silkscreen
    @(169.3750 mm, 98.9450 mm): Pad 1 [+5V] of C47 on F.Cu
[silk_over_copper]: Silkscreen clipped by solder mask
    Local override; warning
    @(160.4024 mm, 94.4957 mm): Polygon of G*** on F.Silkscreen
    @(180.9100 mm, 99.1725 mm): Pad 2 [GND] of D6 on F.Cu
[silk_over_copper]: Silkscreen clipped by solder mask
    Local override; warning
    @(160.4024 mm, 94.4957 mm): Polygon of G*** on F.Silkscreen
    @(178.6350 mm, 98.5100 mm): Pad 1 [+5V] of C42 on F.Cu
[silk_over_copper]: Silkscreen clipped by solder mask
    Local override; warning
    @(160.4024 mm, 94.4957 mm): Polygon of G*** on F.Silkscreen
    @(177.0850 mm, 98.5100 mm): Pad 2 [GND] of C42 on F.Cu
[silk_over_copper]: Silkscreen clipped by solder mask
    Local override; warning
    @(160.4024 mm, 94.4957 mm): Polygon of G*** on F.Silkscreen
    @(190.5500 mm, 100.8000 mm): Pad 2 [GND] of C29 on F.Cu
[silk_over_copper]: Silkscreen clipped by solder mask
    Local override; warning
    @(160.4024 mm, 94.4957 mm): Polygon of G*** on F.Silkscreen
    @(192.0000 mm, 87.4210 mm): Pad 1 [Net-(C33-Pad2)] of L1 on F.Cu
[silk_over_copper]: Silkscreen clipped by solder mask
    Local override; warning
    @(160.4024 mm, 94.4957 mm): Polygon of G*** on F.Silkscreen
    @(185.1750 mm, 99.1500 mm): Pad 1 [Net-(U12-OUT)] of C39 on F.Cu
[silk_over_copper]: Silkscreen clipped by solder mask
    Local override; warning
    @(160.4024 mm, 94.4957 mm): Polygon of G*** on F.Silkscreen
    @(186.7250 mm, 99.1500 mm): Pad 2 [GND] of C39 on F.Cu
[silk_over_copper]: Silkscreen clipped by solder mask
    Local override; warning
    @(160.4024 mm, 94.4957 mm): Polygon of G*** on F.Silkscreen
    @(160.9700 mm, 88.2000 mm): Pad 3 [Net-(C13-Pad1)] of Y1 on F.Cu
[silk_over_copper]: Silkscreen clipped by solder mask
    Local override; warning
    @(160.4024 mm, 94.4957 mm): Polygon of G*** on F.Silkscreen
    @(161.2000 mm, 89.7500 mm): Pad 1 [Net-(C13-Pad1)] of C13 on F.Cu
[silk_over_copper]: Silkscreen clipped by solder mask
    Local override; warning
    @(160.4024 mm, 94.4957 mm): Polygon of G*** on F.Silkscreen
    @(160.9700 mm, 86.0000 mm): Pad 4 [GND] of Y1 on F.Cu
[silk_over_copper]: Silkscreen clipped by solder mask
    Local override; warning
    @(160.4024 mm, 94.4957 mm): Polygon of G*** on F.Silkscreen
    @(186.7000 mm, 77.5000 mm): Pad 1 [+5V] of C30 on F.Cu
[silk_over_copper]: Silkscreen clipped by solder mask
    Local override; warning
    @(160.4024 mm, 94.4957 mm): Polygon of G*** on F.Silkscreen
    @(181.3000 mm, 77.5000 mm): Pad 2 [GND] of C30 on F.Cu
[silk_over_copper]: Silkscreen clipped by solder mask
    Local override; warning
    @(160.4024 mm, 94.4957 mm): Polygon of G*** on F.Silkscreen
    @(176.7500 mm, 79.1375 mm): Pad 1 [Net-(D1-K)] of D1 on F.Cu
[silk_over_copper]: Silkscreen clipped by solder mask
    Local override; warning
    @(160.4024 mm, 94.4957 mm): Polygon of G*** on F.Silkscreen
    @(176.7500 mm, 77.5625 mm): Pad 2 [GPIO29] of D1 on F.Cu
[silk_over_copper]: Silkscreen clipped by solder mask
    Local override; warning
    @(160.4024 mm, 94.4957 mm): Polygon of G*** on F.Silkscreen
    @(174.2500 mm, 80.5500 mm): PTH pad 17 [GPIO27] of J1
[silk_over_copper]: Silkscreen clipped by solder mask
    Local override; warning
    @(160.4024 mm, 94.4957 mm): Polygon of G*** on F.Silkscreen
    @(172.2500 mm, 80.5500 mm): PTH pad 18 [GPIO28] of J1
[silk_over_copper]: Silkscreen clipped by solder mask
    Local override; warning
    @(160.4024 mm, 94.4957 mm): Polygon of G*** on F.Silkscreen
    @(172.2500 mm, 78.5500 mm): PTH pad 20 [GND] of J1
[silk_over_copper]: Silkscreen clipped by solder mask
    Local override; warning
    @(160.4024 mm, 94.4957 mm): Polygon of G*** on F.Silkscreen
    @(174.2500 mm, 78.5500 mm): PTH pad 19 [GPIO29] of J1
[silk_over_copper]: Silkscreen clipped by solder mask
    Local override; warning
    @(160.4024 mm, 94.4957 mm): Polygon of G*** on F.Silkscreen
    @(174.2500 mm, 76.5500 mm): PTH pad 21 [GND] of J1
[silk_over_copper]: Silkscreen clipped by solder mask
    Local override; warning
    @(160.4024 mm, 94.4957 mm): Polygon of G*** on F.Silkscreen
    @(172.2500 mm, 76.5500 mm): PTH pad 22 [GND] of J1
[silk_over_copper]: Silkscreen clipped by solder mask
    Local override; warning
    @(160.4024 mm, 94.4957 mm): Polygon of G*** on F.Silkscreen
    @(178.0750 mm, 80.7500 mm): Pad 1 [Net-(D1-K)] of R1 on F.Cu
[silk_over_copper]: Silkscreen clipped by solder mask
    Local override; warning
    @(160.4024 mm, 94.4957 mm): Polygon of G*** on F.Silkscreen
    @(176.4250 mm, 80.7500 mm): Pad 2 [GND] of R1 on F.Cu
[silk_over_copper]: Silkscreen clipped by solder mask
    Local override; warning
    @(160.4024 mm, 94.4957 mm): Polygon of G*** on F.Silkscreen
    @(170.9250 mm, 98.9450 mm): Pad 2 [GND] of C47 on F.Cu
[silk_over_copper]: Silkscreen clipped by solder mask
    Local override; warning
    @(160.4024 mm, 94.4957 mm): Polygon of G*** on F.Silkscreen
    @(172.2500 mm, 88.5500 mm): PTH pad 10 [GPIO20] of J1
[silk_over_copper]: Silkscreen clipped by solder mask
    Local override; warning
    @(160.4024 mm, 94.4957 mm): Polygon of G*** on F.Silkscreen
    @(163.2500 mm, 80.2500 mm): Pad 31 [/Microcontroller/GPIO19] of U5 on F.Cu
[silk_over_copper]: Silkscreen clipped by solder mask
    Local override; warning
    @(196.4300 mm, 105.0000 mm): Reference field of C40
    @(197.0000 mm, 105.7500 mm): Pad 1 [Net-(D5-K)] of D5 on F.Cu
[silk_over_copper]: Silkscreen clipped by solder mask
    Local override; warning
    @(196.9300 mm, 96.2500 mm): Reference field of R22
    @(196.9250 mm, 97.0000 mm): Pad 2 [GND] of R23 on F.Cu
[silk_over_copper]: Silkscreen clipped by solder mask
    Local override; warning
    @(217.2700 mm, 94.7700 mm): Reference field of R12
    @(216.3250 mm, 93.8200 mm): Pad 7 [GND] of U2 on F.Cu
[silk_over_copper]: Silkscreen clipped by solder mask
    Local override; warning
    @(217.2450 mm, 96.3200 mm): Reference field of R10
    @(218.0950 mm, 96.2000 mm): Pad 2 [GND] of R12 on F.Cu
[silk_over_copper]: Silkscreen clipped by solder mask
    Local override; warning
    @(217.2450 mm, 96.3200 mm): Reference field of R10
    @(216.4450 mm, 96.2000 mm): Pad 1 [Net-(U2-IPROPI)] of R12 on F.Cu
[silk_over_copper]: Silkscreen clipped by solder mask
    Local override; warning
    @(213.2950 mm, 96.3200 mm): Reference field of R9
    @(214.0950 mm, 96.2000 mm): Pad 1 [Net-(U2-NFAULT)] of R11 on F.Cu
[silk_over_copper]: Silkscreen clipped by solder mask
    Local override; warning
    @(213.2700 mm, 97.6300 mm): Reference field of R11
    @(214.1200 mm, 97.7500 mm): Pad 2 [Net-(U2-VREF)] of R9 on F.Cu
[silk_over_copper]: Silkscreen clipped by solder mask
    Local override; warning
    @(213.2950 mm, 96.3200 mm): Reference field of R9
    @(212.4450 mm, 96.2000 mm): Pad 2 [+3V3] of R11 on F.Cu
[silk_over_copper]: Silkscreen clipped by solder mask
    Local override; warning
    @(213.2700 mm, 97.6300 mm): Reference field of R11
    @(212.4700 mm, 97.7500 mm): Pad 1 [+3V3] of R9 on F.Cu
[silk_over_copper]: Silkscreen clipped by solder mask
    Local override; warning
    @(196.0000 mm, 103.6800 mm): Reference field of R20
    @(195.0000 mm, 104.2250 mm): Pad 1 [GND] of C40 on F.Cu
[silk_over_copper]: Silkscreen clipped by solder mask
    Local override; warning
    @(147.3200 mm, 66.2000 mm): Reference field of C54
    @(144.1500 mm, 67.9500 mm): PTH pad 1 [GND] of H1
[silk_over_copper]: Silkscreen clipped by solder mask
    Local override; warning
    @(147.1700 mm, 72.2500 mm): Reference field of R13
    @(147.0000 mm, 72.9100 mm): Pad 2 [/Microcontroller/FLASH_SS] of R15 on F.Cu
[silk_over_copper]: Silkscreen clipped by solder mask
    Local override; warning
    @(147.3200 mm, 66.2000 mm): Reference field of C54
    @(147.2500 mm, 65.2000 mm): Pad 1 [+3V3] of C14 on F.Cu
[silk_over_copper]: Silkscreen clipped by solder mask
    Local override; warning
    @(146.0900 mm, 64.7200 mm): Reference field of C14
    @(144.1500 mm, 67.9500 mm): PTH pad 1 [GND] of H1
[silk_over_copper]: Silkscreen clipped by solder mask
    Local override; warning
    @(145.4900 mm, 59.8300 mm): Reference field of J14
    @(144.8000 mm, 58.6250 mm): Pad MP [GND] of J13 on F.Cu
[silk_over_copper]: Silkscreen clipped by solder mask
    Local override; warning
    @(144.1500 mm, 63.8000 mm): Reference field of H1
    @(143.5000 mm, 62.5000 mm): Pad 1 [/Microcontroller/SWCLK] of J13 on F.Cu
[silk_over_copper]: Silkscreen clipped by solder mask
    Local override; warning
    @(142.5000 mm, 64.4800 mm): Reference field of J13
    @(144.1500 mm, 67.9500 mm): PTH pad 1 [GND] of H1
[silk_over_copper]: Silkscreen clipped by solder mask
    Local override; warning
    @(153.6100 mm, 84.1500 mm): Reference field of C27
    @(153.5000 mm, 83.6700 mm): Pad 1 [+3V3] of C26 on F.Cu
[silk_over_copper]: Silkscreen clipped by solder mask
    Local override; warning
    @(153.6100 mm, 84.1500 mm): Reference field of C27
    @(153.5000 mm, 84.6300 mm): Pad 2 [GND] of C26 on F.Cu
[silk_over_copper]: Silkscreen clipped by solder mask
    Local override; warning
    @(150.8300 mm, 102.9500 mm): Reference field of C6
    @(150.8250 mm, 102.5000 mm): Pad 1 [+3V3] of R8 on F.Cu
[silk_over_copper]: Silkscreen clipped by solder mask
    Local override; warning
    @(151.6500 mm, 101.0700 mm): Reference field of R8
    @(150.8749 mm, 100.4718 mm): Pad 17 [+3V3] of U1 on F.Cu
[silk_over_copper]: Silkscreen clipped by solder mask
    Local override; warning
    @(151.6500 mm, 101.0700 mm): Reference field of R8
    @(151.5250 mm, 100.4718 mm): Pad 18 [Net-(U1-NFAULT)] of U1 on F.Cu
[silk_over_copper]: Silkscreen clipped by solder mask
    Local override; warning
    @(151.6500 mm, 101.0700 mm): Reference field of R8
    @(152.1750 mm, 100.4718 mm): Pad 19 [unconnected-(U1-DECAY-Pad19)] of U1 on F.Cu
[silk_over_copper]: Silkscreen clipped by solder mask
    Local override; warning
    @(155.5200 mm, 91.2500 mm): Reference field of C4
    @(155.4000 mm, 92.0750 mm): Pad 1 [Net-(U1-VCP)] of R2 on F.Cu
[silk_over_copper]: Silkscreen clipped by solder mask
    Local override; warning
    @(153.9700 mm, 91.2500 mm): Reference field of R2
    @(153.9000 mm, 92.0750 mm): Pad 1 [Net-(U1-ISENA)] of R3 on F.Cu
[silk_over_copper]: Silkscreen clipped by solder mask
    Local override; warning
    @(153.9700 mm, 91.2500 mm): Reference field of R2
    @(153.9000 mm, 90.4250 mm): Pad 2 [GND] of R3 on F.Cu
[silk_over_copper]: Silkscreen clipped by solder mask
    Local override; warning
    @(155.5200 mm, 91.2500 mm): Reference field of C4
    @(155.4000 mm, 90.4250 mm): Pad 2 [+12V] of R2 on F.Cu
[silk_over_copper]: Silkscreen clipped by solder mask
    Local override; warning
    @(157.0700 mm, 91.3000 mm): Reference field of C5
    @(156.9500 mm, 92.0250 mm): Pad 1 [Net-(U1-VCP)] of C4 on F.Cu
[silk_over_copper]: Silkscreen clipped by solder mask
    Local override; warning
    @(150.3300 mm, 91.7500 mm): Reference field of R5
    @(150.4000 mm, 92.6500 mm): Pad 1 [Net-(U1-AVREF)] of R6 on F.Cu
[silk_over_copper]: Silkscreen clipped by solder mask
    Local override; warning
    @(150.3300 mm, 91.7500 mm): Reference field of R5
    @(150.4000 mm, 91.0000 mm): Pad 2 [GND] of R6 on F.Cu
[silk_over_copper]: Silkscreen clipped by solder mask
    Local override; warning
    @(150.7200 mm, 91.6500 mm): Reference field of R4
    @(150.4000 mm, 91.0000 mm): Pad 2 [GND] of R6 on F.Cu
[silk_over_copper]: Silkscreen clipped by solder mask
    Local override; warning
    @(148.9700 mm, 91.8250 mm): Reference field of R6
    @(148.9000 mm, 92.5750 mm): Pad 2 [Net-(U1-AVREF)] of R5 on F.Cu
[silk_over_copper]: Silkscreen clipped by solder mask
    Local override; warning
    @(150.7200 mm, 91.6500 mm): Reference field of R4
    @(150.4000 mm, 92.6500 mm): Pad 1 [Net-(U1-AVREF)] of R6 on F.Cu
[silk_over_copper]: Silkscreen clipped by solder mask
    Local override; warning
    @(148.9700 mm, 91.8250 mm): Reference field of R6
    @(148.9000 mm, 90.9250 mm): Pad 1 [+3V3] of R5 on F.Cu
[silk_over_copper]: Silkscreen clipped by solder mask
    Local override; warning
    @(147.1700 mm, 72.2500 mm): Reference field of R13
    @(147.0000 mm, 71.8900 mm): Pad 1 [+3V3] of R15 on F.Cu
[silk_over_copper]: Silkscreen clipped by solder mask
    Local override; warning
    @(152.4700 mm, 91.2500 mm): Reference field of R3
    @(152.1500 mm, 90.8250 mm): Pad 2 [GND] of R4 on F.Cu
[silk_over_copper]: Silkscreen clipped by solder mask
    Local override; warning
    @(179.6100 mm, 101.4225 mm): Reference field of U9
    @(180.9100 mm, 102.1475 mm): Pad 1 [+5V] of D6 on F.Cu
[silk_over_copper]: Silkscreen clipped by solder mask
    Local override; warning
    @(175.3200 mm, 78.3500 mm): Reference field of D1
    @(174.2500 mm, 78.5500 mm): PTH pad 19 [GPIO29] of J1
[silk_over_copper]: Silkscreen clipped by solder mask
    Local override; warning
    @(170.2000 mm, 103.7950 mm): Reference field of J8
    @(170.5875 mm, 102.8000 mm): Pad 2 [GND] of D4 on F.Cu
[silk_over_copper]: Silkscreen clipped by solder mask
    Local override; warning
    @(181.6300 mm, 101.7100 mm): Reference field of C48
    @(180.9100 mm, 102.1475 mm): Pad 1 [+5V] of D6 on F.Cu
[silk_over_copper]: Silkscreen clipped by solder mask
    Local override; warning
    @(167.0500 mm, 100.3300 mm): Reference field of C50
    @(165.7500 mm, 101.0125 mm): Pad 1 [+3V3] of U7 on F.Cu
[silk_over_copper]: Silkscreen clipped by solder mask
    Local override; warning
    @(164.1749 mm, 101.8821 mm): Polygon of G*** on F.Silkscreen
    @(165.7500 mm, 103.2875 mm): Pad 6 [+5V] of U7 on F.Cu
[silk_over_copper]: Silkscreen clipped by solder mask
    Local override; warning
    @(164.1749 mm, 101.8821 mm): Polygon of G*** on F.Silkscreen
    @(164.8000 mm, 103.2875 mm): Pad 5 [+3V3] of U7 on F.Cu
[silk_over_copper]: Silkscreen clipped by solder mask
    Local override; warning
    @(164.1749 mm, 101.8821 mm): Polygon of G*** on F.Silkscreen
    @(165.7500 mm, 101.0125 mm): Pad 1 [+3V3] of U7 on F.Cu
[silk_over_copper]: Silkscreen clipped by solder mask
    Local override; warning
    @(164.1749 mm, 101.8821 mm): Polygon of G*** on F.Silkscreen
    @(164.8000 mm, 101.0125 mm): Pad 2 [GND] of U7 on F.Cu
[silk_over_copper]: Silkscreen clipped by solder mask
    Local override; warning
    @(157.7000 mm, 103.9900 mm): Reference field of J4
    @(157.6000 mm, 103.7750 mm): Pad 1 [+3V3] of R7 on F.Cu
[silk_over_copper]: Silkscreen clipped by solder mask
    Local override; warning
    @(153.8000 mm, 97.5000 mm): Reference field of U1
    @(153.8000 mm, 97.5000 mm): Pad 29 [GND] of U1 on F.Cu
[silk_over_copper]: Silkscreen clipped by solder mask
    Local override; warning
    @(157.0700 mm, 91.3000 mm): Reference field of C5
    @(156.9500 mm, 90.4750 mm): Pad 2 [+12V] of C4 on F.Cu
[silk_over_copper]: Silkscreen clipped by solder mask
    Local override; warning
    @(170.3000 mm, 99.3150 mm): Reference field of C41
    @(169.3750 mm, 98.9450 mm): Pad 1 [+5V] of C47 on F.Cu
[silk_over_copper]: Silkscreen clipped by solder mask
    Local override; warning
    @(170.3000 mm, 99.3150 mm): Reference field of C41
    @(170.9250 mm, 98.9450 mm): Pad 2 [GND] of C47 on F.Cu
[silk_over_copper]: Silkscreen clipped by solder mask
    Local override; warning
    @(177.8600 mm, 99.9400 mm): Reference field of C42
    @(176.2600 mm, 100.2850 mm): Pad 3 [GPIO14] of U9 on F.Cu
[silk_over_copper]: Silkscreen clipped by solder mask
    Local override; warning
    @(179.0800 mm, 100.6600 mm): Reference field of D6
    @(178.1600 mm, 100.2850 mm): Pad 1 [+3V3] of U9 on F.Cu
[silk_over_copper]: Silkscreen clipped by solder mask
    Local override; warning
    @(177.8600 mm, 99.9400 mm): Reference field of C42
    @(177.2100 mm, 100.2850 mm): Pad 2 [GND] of U9 on F.Cu
[silk_over_copper]: Silkscreen clipped by solder mask
    Local override; warning
    @(177.8600 mm, 99.9400 mm): Reference field of C42
    @(178.1600 mm, 100.2850 mm): Pad 1 [+3V3] of U9 on F.Cu
[silk_over_copper]: Silkscreen clipped by solder mask
    Local override; warning
    @(169.1000 mm, 100.9700 mm): Reference field of D4
    @(169.5250 mm, 100.7450 mm): Pad 1 [+5V] of C41 on F.Cu
[silk_over_copper]: Silkscreen clipped by solder mask
    Local override; warning
    @(167.2000 mm, 102.1500 mm): Reference field of U7
    @(167.6125 mm, 102.8000 mm): Pad 1 [+5V] of D4 on F.Cu
[silk_over_copper]: Silkscreen clipped by solder mask
    Local override; warning
    @(156.1500 mm, 84.8600 mm): Reference field of C22
    @(154.5700 mm, 84.6500 mm): Pad 2 [GND] of C23 on F.Cu
[silk_over_copper]: Silkscreen clipped by solder mask
    Local override; warning
    @(157.9900 mm, 85.4100 mm): Reference field of C12
    @(159.2700 mm, 86.0000 mm): Pad 1 [/Microcontroller/XIN] of Y1 on F.Cu
[silk_over_copper]: Silkscreen clipped by solder mask
    Local override; warning
    @(156.1500 mm, 84.8600 mm): Reference field of C22
    @(155.5300 mm, 84.6500 mm): Pad 1 [+3V3] of C23 on F.Cu
[silk_over_copper]: Silkscreen clipped by solder mask
    Local override; warning
    @(156.1500 mm, 84.8600 mm): Reference field of C22
    @(157.5100 mm, 84.2500 mm): Pad 2 [GND] of C12 on F.Cu
[silk_over_copper]: Silkscreen clipped by solder mask
    Local override; warning
    @(213.3000 mm, 79.1700 mm): Reference field of R28
    @(212.3250 mm, 79.1000 mm): Pad 2 [+3V3] of R30 on F.Cu
[silk_over_copper]: Silkscreen clipped by solder mask
    Local override; warning
    @(213.3000 mm, 79.1700 mm): Reference field of R28
    @(213.9750 mm, 79.1000 mm): Pad 1 [Net-(U11-NFAULT)] of R30 on F.Cu
[silk_over_copper]: Silkscreen clipped by solder mask
    Local override; warning
    @(202.0000 mm, 64.6700 mm): Reference field of C11
    @(202.5800 mm, 63.5500 mm): PTH pad SH [GND] of J15
[silk_over_copper]: Silkscreen clipped by solder mask
    Local override; warning
    @(202.0000 mm, 64.6700 mm): Reference field of C11
    @(201.4600 mm, 64.1250 mm): Pad A1 [GND] of J15 on F.Cu
[silk_over_copper]: Silkscreen clipped by solder mask
    Local override; warning
    @(202.0000 mm, 64.6700 mm): Reference field of C11
    @(201.4600 mm, 64.1250 mm): Pad B12 [GND] of J15 on F.Cu
[silk_over_copper]: Silkscreen clipped by solder mask
    Local override; warning
    @(201.9938 mm, 67.0017 mm): Reference field of C15
    @(202.9500 mm, 66.3500 mm): Pad 2 [GND] of C11 on F.Cu
[silk_over_copper]: Silkscreen clipped by solder mask
    Local override; warning
    @(198.2600 mm, 65.9450 mm): Reference field of J15
    @(197.6000 mm, 66.7100 mm): Pad 2 [GND] of R33 on F.Cu
[silk_over_copper]: Silkscreen clipped by solder mask
    Local override; warning
    @(198.2600 mm, 65.9450 mm): Reference field of J15
    @(197.6000 mm, 65.6900 mm): Pad 1 [Net-(J15-CC1)] of R33 on F.Cu
[silk_over_copper]: Silkscreen clipped by solder mask
    Local override; warning
    @(195.9700 mm, 66.3000 mm): Reference field of R32
    @(196.1562 mm, 68.5000 mm): Pad 2 [+3V3] of U4 on F.Cu
[silk_over_copper]: Silkscreen clipped by solder mask
    Local override; warning
    @(201.9938 mm, 67.0017 mm): Reference field of C15
    @(201.0500 mm, 66.3500 mm): Pad 1 [VBUS] of C11 on F.Cu
[silk_over_copper]: Silkscreen clipped by solder mask
    Local override; warning
    @(202.0000 mm, 64.6700 mm): Reference field of C11
    @(200.6600 mm, 64.1250 mm): Pad A4 [VBUS] of J15 on F.Cu
[silk_over_copper]: Silkscreen clipped by solder mask
    Local override; warning
    @(202.0000 mm, 64.6700 mm): Reference field of C11
    @(200.6600 mm, 64.1250 mm): Pad B9 [VBUS] of J15 on F.Cu
[silk_over_copper]: Silkscreen clipped by solder mask
    Local override; warning
    @(217.2700 mm, 94.7700 mm): Reference field of R12
    @(216.9750 mm, 93.8200 mm): Pad 8 [Net-(J5-Pin_1)] of U2 on F.Cu
[silk_over_copper]: Silkscreen clipped by solder mask
    Local override; warning
    @(217.0000 mm, 80.1200 mm): Reference field of R29
    @(217.8250 mm, 80.0000 mm): Pad 2 [GND] of R31 on F.Cu
[silk_over_copper]: Silkscreen clipped by solder mask
    Local override; warning
    @(210.8000 mm, 70.4300 mm): Reference field of C35
    @(212.2000 mm, 71.2500 mm): Pad 16 [GND] of U11 on F.Cu
[silk_over_copper]: Silkscreen clipped by solder mask
    Local override; warning
    @(199.0165 mm, 86.2835 mm): Polygon of G*** on F.Silkscreen
    @(199.8000 mm, 86.7000 mm): Pad 1 [+12V] of C31 on F.Cu
[silk_over_copper]: Silkscreen clipped by solder mask
    Local override; warning
    @(197.4743 mm, 93.6063 mm): Polygon of G*** on F.Silkscreen
    @(199.2500 mm, 93.1750 mm): Pad 1 [+12V] of R25 on F.Cu
[silk_over_copper]: Silkscreen clipped by solder mask
    Local override; warning
    @(197.4743 mm, 93.6063 mm): Polygon of G*** on F.Silkscreen
    @(199.2500 mm, 94.8250 mm): Pad 2 [Net-(U8-TON)] of R25 on F.Cu
[silk_over_copper]: Silkscreen clipped by solder mask
    Local override; warning
    @(219.4300 mm, 66.2500 mm): Reference field of C37
    @(222.6500 mm, 67.9500 mm): PTH pad 1 [GND] of H2
[silk_over_copper]: Silkscreen clipped by solder mask
    Local override; warning
    @(217.0000 mm, 80.1200 mm): Reference field of R29
    @(216.1750 mm, 80.0000 mm): Pad 1 [Net-(U11-IPROPI)] of R31 on F.Cu
[silk_over_copper]: Silkscreen clipped by solder mask
    Local override; warning
    @(215.9500 mm, 83.2825 mm): Reference field of C8
    @(215.9500 mm, 83.1000 mm): Pad 2 [+12V] of C9 on F.Cu
[silk_over_copper]: Silkscreen clipped by solder mask
    Local override; warning
    @(215.1750 mm, 81.6700 mm): Reference field of C9
    @(216.1750 mm, 81.5500 mm): Pad 1 [Net-(U11-VREF)] of R29 on F.Cu
[silk_over_copper]: Silkscreen clipped by solder mask
    Local override; warning
    @(213.1500 mm, 80.5300 mm): Reference field of R30
    @(214.1250 mm, 80.6000 mm): Pad 2 [Net-(U11-VREF)] of R28 on F.Cu
[silk_over_copper]: Silkscreen clipped by solder mask
    Local override; warning
    @(213.1500 mm, 80.5300 mm): Reference field of R30
    @(212.4750 mm, 80.6000 mm): Pad 1 [+3V3] of R28 on F.Cu
[silk_over_copper]: Silkscreen clipped by solder mask
    Local override; warning
    @(189.3456 mm, 88.3400 mm): Reference field of G***
    @(189.8000 mm, 89.8250 mm): Pad 2 [Net-(C33-Pad2)] of C33 on F.Cu
[silk_over_copper]: Silkscreen clipped by solder mask
    Local override; warning
    @(191.7911 mm, 86.3947 mm): Polygon of G*** on F.Silkscreen
    @(192.0000 mm, 87.4210 mm): Pad 1 [Net-(C33-Pad2)] of L1 on F.Cu
[silk_over_copper]: Silkscreen clipped by solder mask
    Local override; warning
    @(165.0000 mm, 71.0800 mm): Reference field of R18
    @(166.0200 mm, 70.5000 mm): Pad 1 [+3V3] of C24 on F.Cu
[silk_over_copper]: Silkscreen clipped by solder mask
    Local override; warning
    @(166.5000 mm, 69.3400 mm): Reference field of C24
    @(166.7300 mm, 69.2500 mm): Pad 2 [GND] of C28 on F.Cu
[silk_over_copper]: Silkscreen clipped by solder mask
    Local override; warning
    @(166.5000 mm, 69.3400 mm): Reference field of C24
    @(165.7700 mm, 69.2500 mm): Pad 1 [+3V3] of C28 on F.Cu
[silk_over_copper]: Silkscreen clipped by solder mask
    Local override; warning
    @(165.0000 mm, 71.0800 mm): Reference field of R18
    @(164.5000 mm, 71.0150 mm): Pad 1 [+3V3] of C16 on F.Cu
[silk_over_copper]: Silkscreen clipped by solder mask
    Local override; warning
    @(159.0900 mm, 69.2500 mm): Reference field of C21
    @(159.0000 mm, 70.7300 mm): Pad 1 [/Microcontroller/USB_D+] of R26 on F.Cu
[silk_over_copper]: Silkscreen clipped by solder mask
    Local override; warning
    @(161.1700 mm, 71.5100 mm): Reference field of R27
    @(161.3500 mm, 71.7500 mm): Pad 1 [+1V1] of L2 on F.Cu
[silk_over_copper]: Silkscreen clipped by solder mask
    Local override; warning
    @(159.8125 mm, 72.6300 mm): Reference field of U5
    @(160.0000 mm, 72.0200 mm): Pad 2 [Net-(U5-USB_DM)] of R27 on F.Cu
[silk_over_copper]: Silkscreen clipped by solder mask
    Local override; warning
    @(160.1700 mm, 71.2400 mm): Reference field of R26
    @(160.0000 mm, 72.0200 mm): Pad 2 [Net-(U5-USB_DM)] of R27 on F.Cu
[silk_over_copper]: Silkscreen clipped by solder mask
    Local override; warning
    @(160.1400 mm, 69.2500 mm): Reference field of C17
    @(160.2500 mm, 69.7300 mm): Pad 1 [+1V1] of C21 on F.Cu
[silk_over_copper]: Silkscreen clipped by solder mask
    Local override; warning
    @(160.1700 mm, 71.2400 mm): Reference field of R26
    @(160.2500 mm, 69.7300 mm): Pad 1 [+1V1] of C21 on F.Cu
[silk_over_copper]: Silkscreen clipped by solder mask
    Local override; warning
    @(162.2500 mm, 69.9500 mm): Reference field of L2
    @(161.3000 mm, 69.7650 mm): Pad 1 [+1V1] of C17 on F.Cu
[silk_over_copper]: Silkscreen clipped by solder mask
    Local override; warning
    @(160.1400 mm, 69.2500 mm): Reference field of C17
    @(160.2500 mm, 68.7700 mm): Pad 2 [GND] of C21 on F.Cu
[silk_over_copper]: Silkscreen clipped by solder mask
    Local override; warning
    @(160.1400 mm, 69.2500 mm): Reference field of C17
    @(159.2500 mm, 69.1800 mm): Pad 1 [+1V1] of C20 on F.Cu
[silk_over_copper]: Silkscreen clipped by solder mask
    Local override; warning
    @(160.1700 mm, 71.2400 mm): Reference field of R26
    @(160.0000 mm, 71.0000 mm): Pad 1 [/Microcontroller/USB_D-] of R27 on F.Cu
[silk_over_copper]: Silkscreen clipped by solder mask
    Local override; warning
    @(159.0900 mm, 69.2500 mm): Reference field of C21
    @(159.2500 mm, 69.1800 mm): Pad 1 [+1V1] of C20 on F.Cu
[silk_over_copper]: Silkscreen clipped by solder mask
    Local override; warning
    @(160.1400 mm, 69.2500 mm): Reference field of C17
    @(159.2500 mm, 68.2200 mm): Pad 2 [GND] of C20 on F.Cu
[silk_over_copper]: Silkscreen clipped by solder mask
    Local override; warning
    @(159.0900 mm, 69.2500 mm): Reference field of C21
    @(158.2500 mm, 68.9800 mm): Pad 1 [+1V1] of C18 on F.Cu
[silk_over_copper]: Silkscreen clipped by solder mask
    Local override; warning
    @(158.0900 mm, 68.7000 mm): Reference field of C20
    @(158.2500 mm, 68.9800 mm): Pad 1 [+1V1] of C18 on F.Cu
[silk_over_copper]: Silkscreen clipped by solder mask
    Local override; warning
    @(158.0900 mm, 68.7000 mm): Reference field of C20
    @(158.2500 mm, 68.0200 mm): Pad 2 [GND] of C18 on F.Cu
[silk_over_copper]: Silkscreen clipped by solder mask
    Local override; warning
    @(159.0900 mm, 69.2500 mm): Reference field of C21
    @(159.2500 mm, 68.2200 mm): Pad 2 [GND] of C20 on F.Cu
[silk_over_copper]: Silkscreen clipped by solder mask
    Local override; warning
    @(159.0900 mm, 69.2500 mm): Reference field of C21
    @(158.2500 mm, 68.0200 mm): Pad 2 [GND] of C18 on F.Cu
[silk_over_copper]: Silkscreen clipped by solder mask
    Local override; warning
    @(159.8125 mm, 72.6300 mm): Reference field of U5
    @(159.0000 mm, 71.7500 mm): Pad 2 [Net-(U5-USB_DP)] of R26 on F.Cu
[silk_over_copper]: Silkscreen clipped by solder mask
    Local override; warning
    @(163.3400 mm, 70.5000 mm): Reference field of C16
    @(162.7500 mm, 71.7500 mm): Pad 2 [/Microcontroller/VREG_LX] of L2 on F.Cu
[lib_footprint_issues]: The footprint library 'footprints' is not enabled in the current configuration
    Local override; warning
    @(194.7500 mm, 91.3489 mm): Footprint U8
[lib_footprint_mismatch]: Footprint 'PWP28_5P18X3P1' does not match copy in library 'DRV8825'
    Local override; warning
    @(153.8000 mm, 97.5000 mm): Footprint U1
[silk_edge_clearance]: Silkscreen clipped by board edge
    Rule: board setup constraints silk; warning
    @(131.7500 mm, 56.7500 mm): Rectangle on Edge.Cuts
    @(135.6700 mm, 56.2700 mm): Reference field of J7
[silk_edge_clearance]: Silkscreen clipped by board edge
    Rule: board setup constraints silk; warning
    @(131.7500 mm, 56.7500 mm): Rectangle on Edge.Cuts
    @(160.4024 mm, 94.4957 mm): Polygon of G*** on F.Silkscreen
[silk_edge_clearance]: Silkscreen clipped by board edge
    Rule: board setup constraints silk; warning
    @(131.7500 mm, 56.7500 mm): Rectangle on Edge.Cuts
    @(224.8000 mm, 56.4500 mm): Reference field of C38
[silk_edge_clearance]: Silkscreen clipped by board edge
    Rule: board setup constraints silk; warning
    @(131.7500 mm, 56.7500 mm): Rectangle on Edge.Cuts
    @(131.3000 mm, 110.1500 mm): Reference field of J3

** Found 0 unconnected pads **

** Found 0 Footprint errors **

** Ignored checks **
    - Footprint has no courtyard defined
    - Track endpoint not centered on via
    - Tuning profile track geometries
    - Footprint doesn't match symbol's footprint filters
    - Silkscreen clearance
    - PTH inside courtyard
    - NPTH inside courtyard
    - Footprint component type doesn't match footprint pads

** End of Report **
